// Jest Snapshot v1, https://goo.gl/fbAQLP

exports[`rc-tabs should render Tabs with correct DOM structure 1`] = `
<div
  className="rc-tabs rc-tabs-top"
  onScroll={[Function]}
  style={Object {}}
>
  <div
    className="rc-tabs-bar"
    onKeyDown={[Function]}
    role="tablist"
    style={Object {}}
    tabIndex="0"
  >
    <div
      className="rc-tabs-nav-container"
      key="container"
    >
      <span
        className="rc-tabs-tab-prev rc-tabs-tab-btn-disabled"
        onClick={null}
        onTransitionEnd={[Function]}
        unselectable="unselectable"
      >
        <span
          className="rc-tabs-tab-prev-icon"
        />
      </span>
      <span
        className="rc-tabs-tab-next rc-tabs-tab-btn-disabled"
        onClick={null}
        unselectable="unselectable"
      >
        <span
          className="rc-tabs-tab-next-icon"
        />
      </span>
      <div
        className="rc-tabs-nav-wrap"
      >
        <div
          className="rc-tabs-nav-scroll"
        >
          <div
            className="rc-tabs-nav rc-tabs-nav-animated"
          >
            <div>
              <div
                aria-disabled="false"
                aria-selected="false"
                className=" rc-tabs-tab"
                key="1"
                onClick={[Function]}
                role="tab"
                style={
                  Object {
                    "marginRight": null,
                  }
                }
              >
                tab 1
              </div>
              <div
                aria-disabled="false"
                aria-selected="true"
                className="rc-tabs-tab-active rc-tabs-tab"
                key="2"
                onClick={[Function]}
                role="tab"
                style={
                  Object {
                    "marginRight": null,
                  }
                }
              >
                tab 2
              </div>
              <div
                aria-disabled="false"
                aria-selected="false"
                className=" rc-tabs-tab"
                key="3"
                onClick={[Function]}
                role="tab"
                style={
                  Object {
                    "marginRight": null,
                  }
                }
              >
                tab 3
              </div>
            </div>
            <div
              className="rc-tabs-ink-bar rc-tabs-ink-bar-animated"
              key="inkBar"
            />
          </div>
        </div>
      </div>
    </div>
  </div>
  <div
    className="rc-tabs-content rc-tabs-content-animated"
    style={
      Object {
        "MozTransform": "translateX(-100%) translateZ(0)",
        "WebkitTransform": "translateX(-100%) translateZ(0)",
        "transform": "translateX(-100%) translateZ(0)",
      }
    }
  >
    <div
      aria-hidden="true"
      className="rc-tabs-tabpane rc-tabs-tabpane-inactive"
      role="tabpanel"
    />
    <div
      aria-hidden="false"
      className="rc-tabs-tabpane rc-tabs-tabpane-active"
      role="tabpanel"
    >
      second
    </div>
    <div
      aria-hidden="true"
      className="rc-tabs-tabpane rc-tabs-tabpane-inactive"
      role="tabpanel"
    />
  </div>
</div>
`;
