// Jest Snapshot v1, https://goo.gl/fbAQLP

exports[`rc-tabs should render Tabs with correct DOM structure 1`] = `
<div
  class="rc-tabs rc-tabs-top"
>
  <div
    class="rc-tabs-bar"
    role="tablist"
    tabindex="0"
  >
    <div
      class="rc-tabs-nav-container"
    >
      <span
        class="rc-tabs-tab-prev rc-tabs-tab-btn-disabled"
        unselectable="unselectable"
      >
        <span
          class="rc-tabs-tab-prev-icon"
        >
          
        </span>
      </span>
      <span
        class="rc-tabs-tab-next rc-tabs-tab-btn-disabled"
        unselectable="unselectable"
      >
        <span
          class="rc-tabs-tab-next-icon"
        >
          
        </span>
      </span>
      <div
        class="rc-tabs-nav-wrap"
      >
        <div
          class="rc-tabs-nav-scroll"
        >
          <div
            class="rc-tabs-nav rc-tabs-nav-animated"
          >
            <div
              aria-disabled="false"
              aria-selected="false"
              class=" rc-tabs-tab"
              role="tab"
            >
              tab 1
            </div>
            <div
              aria-disabled="false"
              aria-selected="true"
              class="rc-tabs-tab-active rc-tabs-tab"
              role="tab"
            >
              tab 2
            </div>
            <div
              aria-disabled="false"
              aria-selected="false"
              class=" rc-tabs-tab"
              role="tab"
            >
              tab 3
            </div>
            <div
              class="rc-tabs-ink-bar rc-tabs-ink-bar-animated"
            >
              
            </div>
          </div>
        </div>
      </div>
    </div>
  </div>
  <div
    class="rc-tabs-content rc-tabs-content-animated"
    style="transform:translateX(-100%) translateZ(0);-webkit-transform:translateX(-100%) translateZ(0);-moz-transform:translateX(-100%) translateZ(0)"
  >
    <div
      aria-hidden="true"
      class="rc-tabs-tabpane rc-tabs-tabpane-inactive"
      role="tabpanel"
    >
      
    </div>
    <div
      aria-hidden="false"
      class="rc-tabs-tabpane rc-tabs-tabpane-active"
      role="tabpanel"
    >
      second
    </div>
    <div
      aria-hidden="true"
      class="rc-tabs-tabpane rc-tabs-tabpane-inactive"
      role="tabpanel"
    >
      
    </div>
  </div>
</div>
`;
