// Jest Snapshot v1, https://goo.gl/fbAQLP

exports[`Tabs.Overflow should collapse 1`] = `
<button
  aria-controls="rc-tabs-test-more-popup"
  aria-expanded="false"
  aria-haspopup="listbox"
  aria-hidden="true"
  class="rc-tabs-nav-more"
  id="rc-tabs-test-more"
  style=""
  tabindex="-1"
  type="button"
>
  More
</button>
`;
