// Jest Snapshot v1, https://goo.gl/fbAQLP

exports[`rc-swipeable-tabs should render Slider with correct DOM structure 1`] = `
<div
  style={
    Object {
      "height": "1334px",
      "width": "750px",
    }
  }
>
  <div
    className="rc-tabs rc-tabs-top"
    onScroll={[Function]}
    style={Object {}}
  >
    <div
      className="rc-tabs-bar"
      onKeyDown={[Function]}
      role="tablist"
      style={Object {}}
      tabIndex="0"
    >
      <div
        className="rc-tabs-nav-container rc-tabs-nav-swipe-container rc-tabs-prevpage rc-tabs-nextpage"
        key="container"
      >
        <div
          className="rc-tabs-nav-wrap"
        >
          <div
            className="rc-tabs-nav-swipe"
          >
            <div
              className="rc-tabs-nav"
            >
              <undefined />
              <div
                className="rc-tabs-ink-bar rc-tabs-ink-bar-animated"
                key="inkBar"
              />
            </div>
          </div>
        </div>
      </div>
    </div>
    <div
      className="rc-tabs-content rc-tabs-content-animated"
      style={
        Object {
          "MozTransform": "translateX(-800%) translateZ(0)",
          "WebkitTransform": "translateX(-800%) translateZ(0)",
          "transform": "translateX(-800%) translateZ(0)",
        }
      }
    >
      <div
        aria-hidden="true"
        className="rc-tabs-tabpane rc-tabs-tabpane-inactive"
        role="tabpanel"
      />
      <div
        aria-hidden="true"
        className="rc-tabs-tabpane rc-tabs-tabpane-inactive"
        role="tabpanel"
      />
      <div
        aria-hidden="true"
        className="rc-tabs-tabpane rc-tabs-tabpane-inactive"
        role="tabpanel"
      />
      <div
        aria-hidden="true"
        className="rc-tabs-tabpane rc-tabs-tabpane-inactive"
        role="tabpanel"
      />
      <div
        aria-hidden="true"
        className="rc-tabs-tabpane rc-tabs-tabpane-inactive"
        role="tabpanel"
      />
      <div
        aria-hidden="true"
        className="rc-tabs-tabpane rc-tabs-tabpane-inactive"
        role="tabpanel"
      />
      <div
        aria-hidden="true"
        className="rc-tabs-tabpane rc-tabs-tabpane-inactive"
        role="tabpanel"
      />
      <div
        aria-hidden="true"
        className="rc-tabs-tabpane rc-tabs-tabpane-inactive"
        role="tabpanel"
      />
      <div
        aria-hidden="false"
        className="rc-tabs-tabpane rc-tabs-tabpane-active"
        role="tabpanel"
      >
        <div
          style={
            Object {
              "alignItems": "center",
              "backgroundColor": "#fff",
              "display": "flex",
              "height": "5rem",
              "justifyContent": "center",
            }
          }
        >
          选项8内容
        </div>
      </div>
      <div
        aria-hidden="true"
        className="rc-tabs-tabpane rc-tabs-tabpane-inactive"
        role="tabpanel"
      />
      <div
        aria-hidden="true"
        className="rc-tabs-tabpane rc-tabs-tabpane-inactive"
        role="tabpanel"
      />
    </div>
  </div>
</div>
`;
